// Jest Snapshot v1, https://goo.gl/fbAQLP

exports[`Box component test should render without crash with props 1`] = `
<div
  className="box boxClass"
/>
`;
