// Jest Snapshot v1, https://goo.gl/fbAQLP

exports[`Tag component test should render without crashing 1`] = `
<span
  className="tag red tagClass"
>
  random text
</span>
`;
